Γû▓ Next.js 16.1.6 (Turbopack)
- Environments: .env.local

  Creating an optimized production build ...
Γ£ô Compiled successfully in 11.0s
  Running TypeScript ...
node.exe : Failed to 
compile.
At line:1 char:1
+ & "C:\Program Files
\nodejs/node.exe" 
"C:\Program 
Files\nodejs/node_mo 
...
+ ~~~~~~~~~~~~~~~~~~~
~~~~~~~~~~~~~~~~~~~~~
~~~~~~~~~~~~~~~~~~~~~
~~~~~~~~
    + CategoryInfo   
           : NotSpe  
  cified: (Failed    
 to compile.:Stri    
ng) [], RemoteEx    
ception
    + FullyQualified 
   ErrorId : Native  
  CommandError
 

./src/components/Lany
ard.tsx:112:18
Type error: Type '{ 
type: "fixed"; 
canSleep: boolean; 
colliders: boolean; 
angularDamping: 
number; 
linearDamping: 
number; ref: 
RefObject<any>; }' 
is not assignable to 
type 
'RigidBodyProps'.
  Types of property 
'colliders' are 
incompatible.
    Type 'boolean' 
is not assignable to 
type 'RigidBodyAutoCo
llider | undefined'.

[0m [90m 110 
|[39m         [33m<
[39m[33m>[39m
 [90m 111 |[39m    
         [33m<[39m
[33mgroup[39m positi
on[33m=[39m{[[35m0
[39m[33m,[39m [35
m4[39m[33m,[39m [
35m0[39m]}[33m>[39
m
[31m[1m>[22m[39m
[90m 112 |[39m      
           [33m<[39
m[33mRigidBody[39m 
ref[33m=[39m{fixed}
 {[33m...[39msegmen
tProps} type[33m=[3
9m[32m"fixed"[39m 
[33m/[39m[33m>[39m
 [90m     |[39m    
              
[31m[1m^[22m[39m
 [90m 113 |[39m    
             [33m<[
39m[33mRigidBody[39
m position[33m=[39m
{[[35m0.5[39m[33m,
[39m [35m0[39m[33
m,[39m 
[35m0[39m]} 
ref[33m=[39m{j1} {
[33m...[39msegmentPr
ops}[33m>[39m
 [90m 114 |[39m    
                 [33
m<[39m[33mBallColli
der[39m args[33m=[
39m{[[35m0.1[39m]} 
[33m/[39m[33m>[39
m
 [90m 115 |[39m    
             [33m<[
39m[33m/[39m[33mRi
gidBody[39m[33m>[3
9m[0m
Next.js build worker 
exited with code: 1 
and signal: null
